Testing agent invocation...
